// Jest Snapshot v1, https://goo.gl/fbAQLP

exports[`App component should initially only render date component 1`] = `
<div>
  <div
    className="date"
  >
    <select
      id="month-id"
      onChange={[Function]}
      value={undefined}
    >
      <option
        default={true}
        value="null"
      >
        --Month--
      </option>
      <option
        value="01"
      >
        1
      </option>
      <option
        value="02"
      >
        2
      </option>
      <option
        value="03"
      >
        3
      </option>
      <option
        value="04"
      >
        4
      </option>
      <option
        value="05"
      >
        5
      </option>
      <option
        value="06"
      >
        6
      </option>
      <option
        value="07"
      >
        7
      </option>
      <option
        value="08"
      >
        8
      </option>
      <option
        value="09"
      >
        9
      </option>
      <option
        value="10"
      >
        10
      </option>
      <option
        value="11"
      >
        11
      </option>
      <option
        value="12"
      >
        12
      </option>
    </select>
    <select
      id="day-id"
      onChange={[Function]}
      value={undefined}
    >
      <option
        value="null"
      >
        --Day--
      </option>
      <option
        value="01"
      >
        1
      </option>
      <option
        value="02"
      >
        2
      </option>
      <option
        value="03"
      >
        3
      </option>
      <option
        value="04"
      >
        4
      </option>
      <option
        value="05"
      >
        5
      </option>
      <option
        value="06"
      >
        6
      </option>
      <option
        value="07"
      >
        7
      </option>
      <option
        value="08"
      >
        8
      </option>
      <option
        value="09"
      >
        9
      </option>
      <option
        value="10"
      >
        10
      </option>
      <option
        value="11"
      >
        11
      </option>
      <option
        value="12"
      >
        12
      </option>
      <option
        value="13"
      >
        13
      </option>
      <option
        value="14"
      >
        14
      </option>
      <option
        value="15"
      >
        15
      </option>
      <option
        value="16"
      >
        16
      </option>
      <option
        value="17"
      >
        17
      </option>
      <option
        value="18"
      >
        18
      </option>
      <option
        value="19"
      >
        19
      </option>
      <option
        value="20"
      >
        20
      </option>
      <option
        value="21"
      >
        21
      </option>
      <option
        value="22"
      >
        22
      </option>
      <option
        value="23"
      >
        23
      </option>
      <option
        value="24"
      >
        24
      </option>
      <option
        value="25"
      >
        25
      </option>
      <option
        value="26"
      >
        26
      </option>
      <option
        value="27"
      >
        27
      </option>
      <option
        value="28"
      >
        28
      </option>
      <option
        value="29"
      >
        29
      </option>
      <option
        value="30"
      >
        30
      </option>
      <option
        value="31"
      >
        31
      </option>
    </select>
    <select
      id="year-id"
      onChange={[Function]}
      value={undefined}
    >
      <option
        default={true}
        value="null"
      >
        --Year--
      </option>
      <option
        value="1988"
      >
        1988
      </option>
      <option
        value="1989"
      >
        1989
      </option>
      <option
        value="1990"
      >
        1990
      </option>
      <option
        value="1991"
      >
        1991
      </option>
      <option
        value="1992"
      >
        1992
      </option>
      <option
        value="1993"
      >
        1993
      </option>
      <option
        value="1994"
      >
        1994
      </option>
      <option
        value="1995"
      >
        1995
      </option>
      <option
        value="1996"
      >
        1996
      </option>
      <option
        value="1997"
      >
        1997
      </option>
      <option
        value="1998"
      >
        1998
      </option>
      <option
        value="1999"
      >
        1999
      </option>
      <option
        value="2000"
      >
        2000
      </option>
      <option
        value="2001"
      >
        2001
      </option>
      <option
        value="2002"
      >
        2002
      </option>
      <option
        value="2003"
      >
        2003
      </option>
      <option
        value="2004"
      >
        2004
      </option>
      <option
        value="2005"
      >
        2005
      </option>
      <option
        value="2006"
      >
        2006
      </option>
      <option
        value="2007"
      >
        2007
      </option>
      <option
        value="2008"
      >
        2008
      </option>
      <option
        value="2009"
      >
        2009
      </option>
      <option
        value="2010"
      >
        2010
      </option>
      <option
        value="2011"
      >
        2011
      </option>
      <option
        value="2012"
      >
        2012
      </option>
      <option
        value="2013"
      >
        2013
      </option>
      <option
        value="2014"
      >
        2014
      </option>
      <option
        value="2015"
      >
        2015
      </option>
      <option
        value="2016"
      >
        2016
      </option>
      <option
        value="2017"
      >
        2017
      </option>
    </select>
  </div>
  <button
    id="get-date-id"
    onClick={[Function]}
    type="button"
  >
    Lookup Date
  </button>
</div>
`;
